============================= test session starts ==============================
platform linux -- Python 3.6.6, pytest-5.4.2, py-1.5.2, pluggy-0.13.1 -- /usr/bin/python3
cachedir: .pytest_cache
rootdir: /home/ptisnovs/src/python/testing-in-python/requests/tests
plugins: print-0.1.3, voluptuous-1.0.2
collecting ... collected 1 item

09_xpath_like_query.py::test_get_method_for_existing_endpoint PASSED     [100%]

============================== 1 passed in 0.44s ===============================
